Disk /dev/vda: 10 GiB, 10737418240 bytes, 20971520 sectors
Units: sectors of 1 * 512 = 512 bytes
Sector size (logical/physical): 512 bytes / 512 bytes
I/O size (minimum/optimal): 512 bytes / 512 bytes
Disklabel type: dos
Disk identifier: 0xbe61c99f

Device     Boot Start      End  Sectors Size Id Type
/dev/vda1  *     2048 20971519 20969472  10G 83 Linux
Disk /dev/vdb: 10 GiB, 10737418240 bytes, 20971520 sectors
Units: sectors of 1 * 512 = 512 bytes
Sector size (logical/physical): 512 bytes / 512 bytes
I/O size (minimum/optimal): 512 bytes / 512 bytes
Disklabel type: dos
Disk identifier: 0x488d74b2

Device     Boot Start      End  Sectors Size Id Type
/dev/vdb1        2048 20971519 20969472  10G 83 Linux
Disk /dev/vdc: 10 GiB, 10737418240 bytes, 20971520 sectors
Units: sectors of 1 * 512 = 512 bytes
Sector size (logical/physical): 512 bytes / 512 bytes
I/O size (minimum/optimal): 512 bytes / 512 bytes
Disklabel type: dos
Disk identifier: 0x3b4a73f7

Device     Boot    Start      End  Sectors Size Id Type
/dev/vdc1           2048 10487807 10485760   5G 83 Linux
/dev/vdc2       10487808 20971519 10483712   5G 83 Linux